PROJECT TEST RESULTS
====================
Date: December 3, 2025

✓ BUILD TEST - PASSED
- Production build completed successfully
- No compilation errors
- No type errors
- No linting errors
- Static pages generated: 4/4
- Main route size: 96.6 kB (179 kB First Load JS)

✓ DEVELOPMENT SERVER - PASSED
- Server starts successfully on port 3000
- Ready in ~1430ms
- Main page compiles successfully (531 modules in 1830ms)
- HTTP 200 response confirmed

✓ CODE QUALITY - PASSED
- No TypeScript errors
- No ESLint errors
- All components valid

✓ CONFIGURATION - VALID
- Next.js 14.0.4
- React 18.2.0
- TypeScript 5.3.3
- All dependencies installed

✓ COMPONENTS VERIFIED
- Navbar.tsx
- BudgetCalculator.tsx  
- Charts.tsx (Doughnut, Bar, Radar)
- CountdownTimer.tsx
- Layout components
- Main page.tsx

✓ BUILD OUTPUT
- Static export configured
- Images optimized
- Compression enabled
- Output directory: /out

CONCLUSION: All tests passed. Project can run without errors.
